Airbase row 17: no usable coords, name='Dalachi, Gonghe'
Airbase row 120: out-of-range coords lat=56.3003 lon=98.4855 name=Tengehong
Airbase row 120: no usable coords, name='Tengehong'
Airbase row 126: no usable coords, name='TWD North East'
Airbase row 142: no usable coords, name='Yinchuan'
SAM Site row 2: no usable coords, name='XMD'
SAM Site row 10: no usable coords, name='Kashgar'
SAM Site row 23: no usable coords, name='TMD'
SAM Site row 50: no usable coords, name='WTC'
SAM Site row 54: no usable coords, name='STC'
SIGINT row 2: no usable coords, name='TMR'
SIGINT row 46: no usable coords, name='XMR'
SIGINT row 51: no usable coords, name='Hotan'
SIGINT row 69: no usable coords, name='Central Sector'
SIGINT row 72: no usable coords, name='Tsu Ssu'
Trg Area row 2: no usable coords, name='Tibet Military Region'
Trg Area row 6: no usable coords, name='Bayi Dawan'
Trg Area row 10: no usable coords, name='Goyu'
Trg Area row 13: no usable coords, name='Hoping'
Trg Area row 14: no usable coords, name='Khamba Dzong'
Trg Area row 16: no usable coords, name='Lepo'
Trg Area row 19: no usable coords, name='Meto'
Trg Area row 21: no usable coords, name='Orang'
Trg Area row 25: no usable coords, name='Rima Tato Bowl'
Trg Area row 28: no usable coords, name='Shannan'
Trg Area row 29: no usable coords, name='Shupra'
Trg Area row 34: no usable coords, name='Xining Training Range'
Trg Area row 38: no usable coords, name='XMD'
Trg Area row 40: no usable coords, name='Baqsumbulaq'
Trg Area row 41: no usable coords, name='Chiakang Trapezium'
Trg Area row 51: no usable coords, name='Taklakot Firing Range'
Trg Area row 53: no usable coords, name='WTC'
Trg Area row 56: no usable coords, name='Chongqing - 12th Integrated Training Base'
Ammunition Storage row 2: no usable coords, name='XMD'
Ammunition Storage row 7: no usable coords, name='Domar Helibase Ammunition Depot'
Ammunition Storage row 26: no usable coords, name='TMD'
Ammunition Storage row 31: no usable coords, name='Damzhung'
Ammunition Storage row 37: no usable coords, name='Gongkar'
Ammunition Storage row 60: no usable coords, name='Namidi'
Ammunition Storage row 62: no usable coords, name='Nyingchi Ammunition Depot'
Ammunition Storage row 91: no usable coords, name='Base 62'
Ammunition Storage row 94: no usable coords, name='WTC'
Logistics Area row 2: no usable coords, name='TMD'
Logistics Area row 23: no usable coords, name='Tsethang Storage Complex'
Logistics Area row 27: no usable coords, name='XMD'
Logistics Area row 32: no usable coords, name='Haji Langar'
Logistics Area row 47: no usable coords, name='WTC'
FOL row 2: no usable coords, name='TMD'
FOL row 27: no usable coords, name='XMD'
FOL row 35: no usable coords, name='WTC'
FOL row 39: no usable coords, name='Strategic Reserve'
FOL row 50: no usable coords, name='Dushanzi-1'
FOL row 51: no usable coords, name='Dushanzi-2'
FOL row 52: no usable coords, name='Dushanzi-3'
FOL row 53: no usable coords, name='Dushanzi-4'
Power Stns row 3: no usable coords, name='Duobu'
Power Stns row 9: no usable coords, name='Traksing Gompa'
Balloon row 2: no usable coords, name='Darmod Banner'
Dams row 2: no usable coords, name='Bayu'
Dams row 4: no usable coords, name='Dagu'
Dams row 5: no usable coords, name='Jiacha'
Dams row 13: no usable coords, name='Zangmu'
Mfr row 7: no usable coords, name='TMR'
TunnelsDugout row 2: no usable coords, name='XMD'
TunnelsDugout row 9: no usable coords, name='Xinjiang Tianshan Shengli Tunnel'
TunnelsDugout row 11: no usable coords, name='TMD'
Railway Station row 2: no usable coords, name='TMD'
Railway Station row 3: no usable coords, name='Qinghai-Tibet Railway'
Railway Station row 9: no usable coords, name='Lhasa'
Railway Station row 11: no usable coords, name='Sichuan-Tibet Railway'
Railway Station row 12: no usable coords, name='Lhasa'
Railway Station row 14: no usable coords, name='Langxian'
Railway Station row 18: no usable coords, name='XMD'
Railway Station row 23: no usable coords, name='WTC'